// Jest Snapshot v1, https://goo.gl/fbAQLP

exports[`emotionRenderer animations are not applied if animations are disabled 1`] = ``;

exports[`emotionRenderer array returned by keyframe results in CSS fallback values 1`] = `
.fui-m7zzi0 {
  -webkit-animation-name: animation-avzz4x;
  animation-name: animation-avzz4x;
}
@-webkit-keyframes animation-avzz4x {
  0% {
    color: yellow;
  }
  100% {
    color: yellow;
  }
}
@keyframes animation-avzz4x {
  0% {
    color: yellow;
  }
  100% {
    color: yellow;
  }
}

`;

exports[`emotionRenderer basic styles are rendered 1`] = `
.fui-tokvmb {
  color: red;
}

`;

exports[`emotionRenderer keyframe colors are rendered 1`] = `
.fui-nb4c5h {
  -webkit-animation-name: animation-xikfch;
  animation-name: animation-xikfch;
  -webkit-animation-duration: 5s;
  animation-duration: 5s;
}
@-webkit-keyframes animation-xikfch {
  from {
    color: red;
  }
  to {
    color: blue;
  }
}
@keyframes animation-xikfch {
  from {
    color: red;
  }
  to {
    color: blue;
  }
}

`;

exports[`emotionRenderer marginLeft is rendered into marginRight due to RTL 1`] = `
.rfui-1y6ic72 {
  margin-right: 10px;
}

`;

exports[`emotionRenderer prefixes required styles 1`] = `
.fui-fsb97h {
  cursor: zoom-in;
  display: flex;
  -webkit-filter: blur(5px);
  filter: blur(5px);
  height: min-content;
  position: sticky;
  -webkit-transition: width 2s, height 2s, background-color 2s, transform 2s;
  transition: width 2s, height 2s, background-color 2s, transform 2s;
}
.fui-fsb97h:hover {
  background-image: image-set("cat.png" 1x, "cat-2x.png" 2x);
  display: inline-flex;
  height: fit-content;
}

`;
